
U-Boot SPL  from MMC2
PU  : AM335X-GP rev 2.1
Model: TI AM335x BeagleBone Black
DRAM
BeagleBone Cape EEPROM: found EEPROM at address: 0x54
value is 1
t 0) is current device
gpio: pin 54 (gpio 54) value is 1
Checking for: /uEnv.txt ...
Checking for: /boot/uEnv.txt ...
gs 1
Running uname_boot ...
loading /boot/vmlinuz-5.10.140-ti-r10514944 bytes read in 663 ms (15.1 MiB/s)
debug: [enable_uboot210826 bytes read in 17 ms (11.8 MiB/s)
i2c_wr ro rootfstype=ext4 rootwait coherent_pool=1M net.ifnames=0 lpj=g kernel ...

gleBone Cape EEPROM: no EEPROM at address: 0x57
Net:   ite: error waiting for data ACK (status=0x116)
Cannot read i2c =0x60000] ...
uboot_overlays: loading /boot/dtbs/5.10.140-ti-r5uboot_overlays: loading /boot/dtbs/5.10.140-ti-r52/overlays/BB-Auboot_overlays: loading /boot/dtbs/5.10.140-ti-r52/overlays/BB-BONE-eMMloading /boot/initrd.img-5.10.140-ti-r52 ...
6499095 bytes read in 414 ms (15 MiB/s)
debug: [console=ttyS0,115200n8 bone_capemgr.uboot_capemgr_enabled=1 root=/dev/mmcblk1p11990656 rng_core.default_quality=100 quiet] ...
debug: [bootz 0x82000000 0x88080000:632b17 88000000] ...
Kernel image @ 0x82008000000
   Booting using the fdt blob at 0x88000000
   LoadingOK
   Loading Device Tree to 8f936000, end 8f9ccfff ... OK

Startin
jwa359-beagle login: 2022.04-gd0771d53 (Jul 21 2022 - 02:13:23 +0000)
Trying to boot

U-Boot 2022.04-gd0771d53 (Jul 21 2022 - 02:13:23 +0000)

C:  512 MiB
BeagleBone Cape EEPROM: EEPROM contents not valid (or blanpio: pin 55 (gpio 55) value is 1
1713 bytes read in 3 ms (557.6 KiB/s)
Loaded environment from /boot/uEnv.txt
Checking if uname_r is set in /boot/uEnv.txt...
gpio: pin 56 (gpio 56) value i52 ...
bug: [uboot_base_dtb_univ=am335x-boneblack-uboot-univ.dtb] ...
univ.dtb ...
loading /boot/dtbs/5.10.140-ti-r52/am335x-boneblacKiB/s)
[    0.151047] l3-aon-clkctrl:0000:0: failed to disable
[    9.817200] debugfs: Directory '49000000.dma' with parent 'dmaengine' already present!
[    9.849934] gpio-of-helper ocp:cape-universal: Failed to get gpio property of 'P8_03'
[    9.849964] gpio-of-helper ocp:cape-universal: Failed to create gpio entry
[   10.419000] omap_voltage_late_init: Voltage driver support not added

Jasper's BeagleBoard for CMPT 433 Spring 2023

Today is: Thu Jan 19  2023

jwa359-beagle login: ;



U-Boot SPL 2022.04-gd0771d53 (Jul 21 2022 - 02:13:23 urce: Power-on reset has occurred.
RTC 32KCLK Source: External. OMAP SD/MMC: 0, OMAP SD/MMC: 1
Loading Environment from EXT4..use MAC
BeagleBone Black:
Model: SeeedStudio BeagleBone Green: in 0 seconds
board_name=[BBG1] ...
switch to partitions #0, OK
mmc1(pa) is current device
pio: pin 55 (gpio 55) value is 1
1713 bytes read in 2 ms (835.910514944 bytes read in 663 ms (15.1 MiB/s)
debug: [enable_ubootuniv.dtb ...
loading /boot/dtbs/5.10.140-ti-r52/am335x-boneblac210826 bytes read in 17 ms (11.8 MiB/s)
i2c_write:OM
Found 0 extension board(s).
uboot_overlays: [fdt_buffer=0x6/s)
loading /boot/initrd.img-5.10.140-ti-r52 ...
6499095 bytes read in 414 ms (15 MiB/s)
debug: [console=ttyS0,18000000
   Booting using the fdt blob at 0x88000000
   LoadingOK
   Loading Device Tree to 8f936000, end 8f9ccfff ... WDT:   Started wdt@44e35000 with servicing (60s timeout)
MMC:  Board: BeagleBone Black
<ethaddr> not set. Validating first E-f
BeagleBone Cape EEPROM: found EEPROM at address: 0x54
BeagleBone Cape EEPROM: EEPROM contents not valid (or blank) on address: 0x54
BeagleBone Cape EEPROM: no EEPROM at address: 0x55
BeagleBone Cape EEPROM: no EEPROM at address: 0x56
BeagleBone Cape EEPROM: no EEPROM at address: 0x57
Net:   thernet@4a100000, eth3: usb_ether
Press SPACE to abort autoboot7[r[999;999H[6neady
Scanning disk mmc@481d8000.blk...
Found 2 disks
No EFI sswitch to partitions #0, OK
mmc1(part 0 error waiting for data ACK (status=0x116)
Cannot read i2c EEPR0000] ...
uboot_overlays: loading /boot/dtbs/5.10.140-ti-r52/overlays/M-BB-BBG-00A0.dtbo ...
418 bytes read in 4 ms (101.6 KiB

U-Boot 2022.04-gd0771d53 (Jul 21 2022 - 02:13:23 +0000)

CPU  : AM335X-GP rev 2.1
Model: TI AM335x BeagleBone Black
DRAM:  512 MiB

Core:  150 devices, 14 uclasses, devicetree: separate
. eth2: ert 0) is current device
Scanning mmc 1:1...
BootOrder not defined
EFI boot manager: Cannot load any image
gpio: pin 56 (gpio 56) value is 0
gpio: pin 55 (gpio 55) value value is 1
gpio: pin 54 (gpio 54) value is 1
Checking for: /uEnv.txt ...
Checking for: /boot/uEnv.txt ...
g KiB/s)
Loaded environment from /boot/uEnv.txt
Checking if uname_r is set in /boot/uEnv.txt...
gpio: pin 56 (gpio 56) value is 1
Running uname_boot ...
loading /boot/vmlinuz-5.10.140-ti-r52 ...
_overlays=1] ...
debug: [enable_uboot_cape_universal=1] ...
debug: [uboot_base_dtb_univ=am335x-boneblack-uboot-univ.dtb] ...
uboot_overlays: [uboot_base_dtb=am335x-boneblack-uboot-univ.dtb] ...
uboot_overlays: Switching too: dtb=am335x-boneblack-uboot-k-uboot-univ.dtb ...
0000 [ 0x000000 - 0xa07200 ]
## Flattened Device Tree blob at 8[    0.151073] l3-aon-clkctrl:0000:0: failed to disable
[    9.' already present!
[    9.853311] gpio-of-helper ocp:cape-univet added
820484] debugfs: Directory '49000000.dma' with parent 'dmaenginersal: Failed to get gpio property of 'P8_03'
[    9.853341] gpio-of-helper ocp:cape-universal: Failed to create gpio entry
[   10.422398] omap_voltage_late_init: Voltage driver support node
Jasper's BeagleBoard for CMPT 433 Spring 2023

Today is: Thu Jan 19  2023

jwa359-beagle login: d dddeeeeeeeeeeeeeeeeeee debbbbbbbbbbbbbii aaaaaaaaaeeeebbbbbbbbbbbbbbbbaaaaiiiiaaaa                         aa                         n
nu Jan 19  2023

jwa359-beagle login: 
Jasper's BeagleBoard for CMPT 433 Spring 2023

Today is: Theedeee   eeeee 
Password: 
Password: 












Login incorrect
jwa359-beagle login: 


Password: 
Login incorrect

jwa359-beagle login: u Jan 19  2023

jwa359-beagle login: 
Login timed out after 60 s
Jasper's BeagleBoard for CMPT 433 Spring 2023

Today is: Th
jwa359-beagle login: debian
Password: 
_________     _____ _____________________    _____________ ________  
\_   ___ \   /     \\______   \__    ___/   /  |  \_____  \\_____  \ 
/    \  \/  /  \ /  \|     ___/ |    |     /   |  |__(__  <  _(__  < 
\     \____/    Y    \    |     |    |    /    ^   /       \/       \
 \______  /\____|__  /____|     |____|    \____   /______  /______  /
        \/         \/                          |__|      \/       \/

Last login: Thu Jan 19 22:37:20 UTC 2023 from 192.168.7.1 on pts/0
Hello embedded world, from Jasper Wong!

When the LEDs light up, press the joystick in that direction!
(Press left or right to exit)
Get ready...
Press UP now!
New best time!
Your reaction time was 1542ms; best so far in game is 1542ms.
Get ready...
Press UP now!
New best time!
Your reaction time was 363ms; best so far in game is 363ms.
Get ready...
Press UP now!
Incorrect.
Get ready...
User selected to quit.
[?2004hdebian@jwa359-beagle:~$ 
U-Boot SPL 2022.04-gd0771d53 (Jul 21 2022 - 02:13:23 +0000)
Trying to boot from MMC2


U-Boot 2022.04-gd0771d53 (Jul 21 2022 - 02:13:23 +0000)

CPU  : AM335X-GP rev 2.1
Model: TI AM335x BeagleBone Black
DRAM:  512 MiB
Reset Source: Global external warm reset has occurred.
Reset Source: Power-on reset has occurred.
RTC 32KCLK Source: External.
Core:  150 devices, 14 uclasses, devicetree: separate
WDT:   Started wdt@44e35000 with servicing (60s timeout)
MMC:   OMAP SD/MMC: 0, OMAP SD/MMC: 1
Loading Environment from EXT4... Board: BeagleBone Black
<ethaddr> not set. Validating first E-fuse MAC
BeagleBone Black:
Model: SeeedStudio BeagleBone Green:
BeagleBone Cape EEPROM: found EEPROM at address: 0x54
BeagleBone Cape EEPROM: EEPROM contents not valid (or blank) on address: 0x54
BeagleBone Cape EEPROM: no EEPROM at address: 0x55
BeagleBone Cape EEPROM: no EEPROM at address: 0x56
BeagleBone Cape EEPROM: no EEPROM at address: 0x57
Net:   eth2: ethernet@4a100000, eth3: usb_ether
Press SPACE to abort autoboot in 0 seconds
board_name=[BBG1] ...
gpio: pin 56 (gpio 56) value is 0
gpio: pin 55 (gpio 55) value is 0
gpio: pin 54 (gpio 54) value is 0
gpio: pin 53 (gpio 53) value is 1
switch to partitions #0, OK
mmc1(part 0) is current device
Scanning mmc 1:1...
7[r[999;999H[6n8Scanning disk mmc@48060000.blk...
Disk mmc@48060000.blk not ready
Scanning disk mmc@481d8000.blk...
Found 2 disks
No EFI system partition
BootOrder not defined
EFI boot manager: Cannot load any image
gpio: pin 56 (gpio 56) value is 0
gpio: pin 55 (gpio 55) value is 0
gpio: pin 54 (gpio 54) value is 0
gpio: pin 53 (gpio 53) value is 1
switch to partitions #0, OK
mmc1(part 0) is current device
gpio: pin 54 (gpio 54) value is 1
Checking for: /uEnv.txt ...
Checking for: /boot/uEnv.txt ...
gpio: pin 55 (gpio 55) value is 1
1713 bytes read in 3 ms (557.6 KiB/s)
Loaded environment from /boot/uEnv.txt
Checking if uname_r is set in /boot/uEnv.txt...
gpio: pin 56 (gpio 56) value is 1
Running uname_boot ...
loading /boot/vmlinuz-5.10.140-ti-r52 ...
10514944 bytes read in 663 ms (15.1 MiB/s)
debug: [enable_uboot_overlays=1] ...
debug: [enable_uboot_cape_universal=1] ...
debug: [uboot_base_dtb_univ=am335x-boneblack-uboot-univ.dtb] ...
uboot_overlays: [uboot_base_dtb=am335x-boneblack-uboot-univ.dtb] ...
uboot_overlays: Switching too: dtb=am335x-boneblack-uboot-univ.dtb ...
loading /boot/dtbs/5.10.140-ti-r52/am335x-boneblack-uboot-univ.dtb ...
210826 bytes read in 17 ms (11.8 MiB/s)
i2c_write: error waiting for data ACK (status=0x116)
Cannot read i2c EEPROM
Found 0 extension board(s).
uboot_overlays: [fdt_buffer=0x60000] ...
uboot_overlays: loading /boot/dtbs/5.10.140-ti-r52/overlays/M-BB-BBG-00A0.dtbo ...
418 bytes read in 5 ms (81.1 KiB/s)
uboot_overlays: loading /boot/dtbs/5.10.140-ti-r52/overlays/BB-ADC-00A0.dtbo ...
645 bytes read in 5 ms (126 KiB/s)
uboot_overlays: loading /boot/dtbs/5.10.140-ti-r52/overlays/BB-BONE-eMMC1-01-00A0.dtbo ...
1605 bytes read in 5 ms (313.5 KiB/s)
loading /boot/initrd.img-5.10.140-ti-r52 ...
6499095 bytes read in 414 ms (15 MiB/s)
debug: [console=ttyS0,115200n8 bone_capemgr.uboot_capemgr_enabled=1 root=/dev/mmcblk1p1 ro rootfstype=ext4 rootwait coherent_pool=1M net.ifnames=0 lpj=1990656 rng_core.default_quality=100 quiet] ...
debug: [bootz 0x82000000 0x88080000:632b17 88000000] ...
Kernel image @ 0x82000000 [ 0x000000 - 0xa07200 ]
## Flattened Device Tree blob at 88000000
   Booting using the fdt blob at 0x88000000
   Loading Ramdisk to 8f9cd000, end 8ffffb17 ... OK
   Loading Device Tree to 8f936000, end 8f9ccfff ... OK

Starting kernel ...

[    0.151204] l3-aon-clkctrl:0000:0: failed to disable
[    9.821065] debugfs: Directory '49000000.dma' with parent 'dmaengine' already present!
[    9.853857] gpio-of-helper ocp:cape-universal: Failed to get gpio property of 'P8_03'
[    9.853888] gpio-of-helper ocp:cape-universal: Failed to create gpio entry
[   10.422933] omap_voltage_late_init: Voltage driver support not added

Jasper's BeagleBoard for CMPT 433 Spring 2023

Today is: Thu Jan 19  2023

jwa359-beagle login: debian
Password: 
_________     _____ _____________________    _____________ ________  
\_   ___ \   /     \\______   \__    ___/   /  |  \_____  \\_____  \ 
/    \  \/  /  \ /  \|     ___/ |    |     /   |  |__(__  <  _(__  < 
\     \____/    Y    \    |     |    |    /    ^   /       \/       \
 \______  /\____|__  /____|     |____|    \____   /______  /______  /
        \/         \/                          |__|      \/       \/

Last login: Thu Jan 19 22:37:20 UTC 2023 from 192.168.7.1 on pts/0
Hello embedded world, from Jasper Wong!

When the LEDs light up, press the joystick in that direction!
(Press left or right to exit)
Get ready...
Press DOWN now!
New best time!
Your reaction time was 533ms; best so far in game is 533ms.
Get ready...
Press UP now!
Incorrect.
Get ready...
Press UP now!
No input within 5000ms; quitting!
[?2004hdebian@jwa359-beagle:~$ ./startup.sh 
[?2004l[sudo] password for debian: 
nameserver 8.8.8.8
[?2004hdebian@jwa359-beagle:~$ ls /mnt/remote/
[?2004lissue  myApps  nfs_message.txt
[?2004hdebian@jwa359-beagle:~$ 